"pos","call_count","call_ratio","run_count","not_run_count"
"1","563","71.7","7","2"
"2","222","28.3","8","1"
