"pos","call_count","call_ratio","run_count","not_run_count"
"1","2426","42.5","6","10"
"2","2415","42.3","5","11"
"3","833","14.6","7","9"
"4","13","0.2","9","7"
"5","9","0.2","6","10"
"6","8","0.1","10","6"
"7","4","0.1","14","2"
